<?xml version="1.0" encoding="utf-8"?>
<TestRun xmlns:xsi="http://www.w3.org/2001/XMLSchema-instance" xmlns:xsd="http://www.w3.org/2001/XMLSchema" id="a77cdf5f-9de5-4649-a96b-ddd06fd0faf8" name="aangelov@AANGELOV 2015-02-27 14:20:04" runUser="TELERIK\aangelov" xmlns="http://microsoft.com/schemas/VisualStudio/TeamTest/2010">
  <TestSettings name="Default Test Settings" id="843142f6-af3f-4459-843f-e3401cf91151">
    <Execution>
      <TestTypeSpecific />
      <AgentRule name="Execution Agents" />
    </Execution>
  </TestSettings>
  <Times creation="2015-02-27T14:20:04.5613705+02:00" queuing="2015-02-27T14:20:04.8225604+02:00" start="2015-02-27T14:20:04.8815845+02:00" finish="2015-02-27T14:20:22.4056884+02:00" />
  <ResultSummary outcome="Failed">
    <Counters total="2" executed="2" passed="1" error="0" failed="1" timeout="0" aborted="0" inconclusive="0" passedButRunAborted="0" notRunnable="0" notExecuted="0" disconnected="0" warning="0" completed="0" inProgress="0" pending="0" />
    <Output>
      <StdOut>
        output with space
      </StdOut>
    </Output>
    <RunInfos>
      <RunInfo computerName="AANGELOV" outcome="Warning" timestamp="2015-02-27T14:20:04.8105494+02:00">
        <Text>Warning: Test Run deployment</Text>
      </RunInfo>
    </RunInfos>
  </ResultSummary>
  <TestDefinitions>
    <UnitTest name="TestConsoleExtended_Second" storage="c:\frontend\trunk\websites\webdivision.uitests\webdivision.uitests.admin.tests\bin\debug\webdivision.uitests.admin.tests.dll" id="9d8ce3e0-2a34-af25-1f9a-47358204d4b7">
      <Owners>
        <Owner name="Anton Angelov" />
      </Owners>
      <TestCategory>
        <TestCategoryItem TestCategory="MSTestConsoleExtendedTEST" />
      </TestCategory>
      <Execution id="258d7266-77e5-4a2c-a196-1ba3d29c2e01" />
      <TestMethod codeBase="C:/Frontend/Trunk/WebSites/WebDivision.UITests/WebDivision.UITests.Admin.Tests/bin/Debug/WebDivision.UITests.Admin.Tests.DLL" adapterTypeName="Microsoft.VisualStudio.TestTools.TestTypes.Unit.UnitTestAdapter, Microsoft.VisualStudio.QualityTools.Tips.UnitTest.Adapter, Version=12.0.0.0, Culture=neutral, PublicKeyToken=b03f5f7f11d50a3a" className="WebDivision.UITests.Admin.Tests.Licensing.SkuPricingRules.TestCases.SkuPricingRulesValid, WebDivision.UITests.Admin.Tests, Version=1.0.14302.1, Culture=neutral, PublicKeyToken=null" name="TestConsoleExtended_Second" />
    </UnitTest>
    <UnitTest name="TestConsoleExtended" storage="c:\frontend\trunk\websites\webdivision.uitests\webdivision.uitests.admin.tests\bin\debug\webdivision.uitests.admin.tests.dll" id="21e81911-5f45-91ac-5851-44c3167a0423">
      <Owners>
        <Owner name="Anton Angelov" />
      </Owners>
      <TestCategory>
        <TestCategoryItem TestCategory="MSTestConsoleExtendedTEST" />
      </TestCategory>
      <Execution id="7b1cfeec-3507-4e45-99a7-292e7340224e" />
      <TestMethod codeBase="C:/Frontend/Trunk/WebSites/WebDivision.UITests/WebDivision.UITests.Admin.Tests/bin/Debug/WebDivision.UITests.Admin.Tests.DLL" adapterTypeName="Microsoft.VisualStudio.TestTools.TestTypes.Unit.UnitTestAdapter, Microsoft.VisualStudio.QualityTools.Tips.UnitTest.Adapter, Version=12.0.0.0, Culture=neutral, PublicKeyToken=b03f5f7f11d50a3a" className="WebDivision.UITests.Admin.Tests.Licensing.SkuPricingRules.TestCases.SkuPricingRulesValid, WebDivision.UITests.Admin.Tests, Version=1.0.14302.1, Culture=neutral, PublicKeyToken=null" name="TestConsoleExtended" />
    </UnitTest>
  </TestDefinitions>
  <TestLists>
    <TestList name="Results Not in a List" id="8c84fa94-04c1-424b-9868-57a2d4851a1d" />
    <TestList name="All Loaded Results" id="19431567-8539-422a-85d7-44ee4e166bda" />
  </TestLists>
  <TestEntries>
    <TestEntry testId="21e81911-5f45-91ac-5851-44c3167a0423" executionId="7b1cfeec-3507-4e45-99a7-292e7340224e" testListId="8c84fa94-04c1-424b-9868-57a2d4851a1d" />
    <TestEntry testId="9d8ce3e0-2a34-af25-1f9a-47358204d4b7" executionId="258d7266-77e5-4a2c-a196-1ba3d29c2e01" testListId="8c84fa94-04c1-424b-9868-57a2d4851a1d" />
  </TestEntries>
  <Results>
    <UnitTestResult executionId="7b1cfeec-3507-4e45-99a7-292e7340224e" testId="21e81911-5f45-91ac-5851-44c3167a0423" testName="TestConsoleExtended" computerName="AANGELOV" duration="00:00:04.4459615" startTime="2015-02-27T14:20:04.9016153+02:00" endTime="2015-02-27T14:20:09.6408093+02:00" testType="13cdc9d9-ddb5-4fa4-a97d-d965ccfc6d4b" outcome="Failed" testListId="8c84fa94-04c1-424b-9868-57a2d4851a1d" relativeResultsDirectory="7b1cfeec-3507-4e45-99a7-292e7340224e">
      <Output>
        <StdOut>The test 'TestConsoleExtended' is not associated with any bug id.</StdOut>
        <DebugTrace>
          Framework: FireFoxInstallation.EnumFireFoxInstallations()
        </DebugTrace>
        <ErrorInfo>
          <Message>Assert.Fail failed. </Message>
          <StackTrace>
            at WebDivision.UITests.Admin.Tests.Licensing.SkuPricingRules.TestCases.SkuPricingRulesValid.TestConsoleExtended() in c:\Frontend\Trunk\WebSites\WebDivision.UITests\WebDivision.UITests.Admin.Tests\Licensing\SkuPricingRules\TestCases\SkuPricingRulesValid.cs:line 458
          </StackTrace>
        </ErrorInfo>
      </Output>
    </UnitTestResult>
    <UnitTestResult executionId="258d7266-77e5-4a2c-a196-1ba3d29c2e01" testId="9d8ce3e0-2a34-af25-1f9a-47358204d4b7" testName="TestConsoleExtended_Second" computerName="AANGELOV" duration="00:00:02.1010678" startTime="2015-02-27T14:20:09.64181+02:00" endTime="2015-02-27T14:20:11.7449822+02:00" testType="13cdc9d9-ddb5-4fa4-a97d-d965ccfc6d4b" outcome="Passed" testListId="8c84fa94-04c1-424b-9868-57a2d4851a1d" relativeResultsDirectory="258d7266-77e5-4a2c-a196-1ba3d29c2e01">
      <Output>
        <StdOut>The test 'TestConsoleExtended_Second' is not associated with any bug id.</StdOut>
        <DebugTrace>
          Framework: FireFoxInstallation.EnumFireFoxInstallations() : Valid Firefox 36.0.0.0 installation found at
        </DebugTrace>
      </Output>
    </UnitTestResult>
  </Results>
</TestRun>