<?xml version="1.0" encoding="utf-8"?>
<TestRun xmlns:xsi="http://www.w3.org/2001/XMLSchema-instance" xmlns:xsd="http://www.w3.org/2001/XMLSchema" id="752a2109-adad-4be2-bdb8-2eb6959c3a11" name="aangelov@AANGELOV 2015-02-24 17:10:12" runUser="TELERIK\aangelov" xmlns="http://microsoft.com/schemas/VisualStudio/TeamTest/2010">
  <TestSettings name="Default Test Settings" id="8abddcc6-7c46-4a31-8e63-989fc4753297">
    <Execution>
      <TestTypeSpecific />
      <AgentRule name="Execution Agents" />
    </Execution>
  </TestSettings>
  <Times creation="2015-02-24T17:10:12.526849+02:00" queuing="2015-02-24T17:10:12.7840311+02:00" start="2015-02-24T17:10:12.8420722+02:00" finish="2015-02-24T17:10:37.6376274+02:00" />
  <ResultSummary outcome="Passed">
    <Counters total="2" executed="2" passed="2" error="0" failed="0" timeout="0" aborted="0" inconclusive="0" passedButRunAborted="0" notRunnable="0" notExecuted="0" disconnected="0" warning="0" completed="0" inProgress="0" pending="0" />
  </ResultSummary>
  <TestDefinitions>
    <UnitTest name="DeleteRule" storage="c:\frontend\trunk\websites\webdivision.uitests\webdivision.uitests.admin.tests\bin\debug\webdivision.uitests.admin.tests.dll" id="5a3085e6-a528-2555-b0f4-d5613458da0c">
      <Execution id="88263129-ae24-4415-950d-408b99ceac5b" />
      <TestMethod codeBase="C:/Frontend/Trunk/WebSites/WebDivision.UITests/WebDivision.UITests.Admin.Tests/bin/Debug/WebDivision.UITests.Admin.Tests.DLL" adapterTypeName="Microsoft.VisualStudio.TestTools.TestTypes.Unit.UnitTestAdapter, Microsoft.VisualStudio.QualityTools.Tips.UnitTest.Adapter, Version=12.0.0.0, Culture=neutral, PublicKeyToken=b03f5f7f11d50a3a" className="WebDivision.UITests.Admin.Tests.Licensing.SkuPricingRules.TestCases.SkuPricingRulesValid, WebDivision.UITests.Admin.Tests, Version=1.0.14302.1, Culture=neutral, PublicKeyToken=null" name="DeleteRule" />
    </UnitTest>
    <UnitTest name="CancelRuleDeletion" storage="c:\frontend\trunk\websites\webdivision.uitests\webdivision.uitests.admin.tests\bin\debug\webdivision.uitests.admin.tests.dll" id="599bf3f8-1136-8b79-81b1-27769286e0c7">
      <Execution id="82166171-3c9f-4731-84fa-362835b0bb5a" />
      <TestMethod codeBase="C:/Frontend/Trunk/WebSites/WebDivision.UITests/WebDivision.UITests.Admin.Tests/bin/Debug/WebDivision.UITests.Admin.Tests.DLL" adapterTypeName="Microsoft.VisualStudio.TestTools.TestTypes.Unit.UnitTestAdapter, Microsoft.VisualStudio.QualityTools.Tips.UnitTest.Adapter, Version=12.0.0.0, Culture=neutral, PublicKeyToken=b03f5f7f11d50a3a" className="WebDivision.UITests.Admin.Tests.Licensing.SkuPricingRules.TestCases.SkuPricingRulesValid, WebDivision.UITests.Admin.Tests, Version=1.0.14302.1, Culture=neutral, PublicKeyToken=null" name="CancelRuleDeletion" />
    </UnitTest>
  </TestDefinitions>
  <TestLists>
    <TestList name="Results Not in a List" id="8c84fa94-04c1-424b-9868-57a2d4851a1d" />
    <TestList name="All Loaded Results" id="19431567-8539-422a-85d7-44ee4e166bda" />
  </TestLists>
  <TestEntries>
    <TestEntry testId="599bf3f8-1136-8b79-81b1-27769286e0c7" executionId="82166171-3c9f-4731-84fa-362835b0bb5a" testListId="8c84fa94-04c1-424b-9868-57a2d4851a1d" />
    <TestEntry testId="5a3085e6-a528-2555-b0f4-d5613458da0c" executionId="88263129-ae24-4415-950d-408b99ceac5b" testListId="8c84fa94-04c1-424b-9868-57a2d4851a1d" />
  </TestEntries>
  <Results>
    <UnitTestResult executionId="82166171-3c9f-4731-84fa-362835b0bb5a" testId="599bf3f8-1136-8b79-81b1-27769286e0c7" testName="CancelRuleDeletion" computerName="AANGELOV" duration="00:00:09.2673947" startTime="2015-02-24T17:10:12.8641057+02:00" endTime="2015-02-24T17:10:22.4458724+02:00" testType="13cdc9d9-ddb5-4fa4-a97d-d965ccfc6d4b" outcome="Passed" testListId="8c84fa94-04c1-424b-9868-57a2d4851a1d" relativeResultsDirectory="82166171-3c9f-4731-84fa-362835b0bb5a" />
    <UnitTestResult executionId="88263129-ae24-4415-950d-408b99ceac5b" testId="5a3085e6-a528-2555-b0f4-d5613458da0c" testName="DeleteRule" computerName="AANGELOV" duration="00:00:11.8504979" startTime="2015-02-24T17:10:22.4508772+02:00" endTime="2015-02-24T17:10:34.3062864+02:00" testType="13cdc9d9-ddb5-4fa4-a97d-d965ccfc6d4b" outcome="Passed" testListId="8c84fa94-04c1-424b-9868-57a2d4851a1d" relativeResultsDirectory="88263129-ae24-4415-950d-408b99ceac5b" />
  </Results>
</TestRun>